
> frontend@0.0.0 build
> vite build

[36mvite v7.2.7 [32mbuilding client environment for production...[36m[39m
transforming...
[32mΓ£ô[39m 14 modules transformed.
node.exe : [31mΓ£ù[39m 
Build failed in 702ms
At C:\Program 
Files\nodejs\npm.ps1:29 
char:3
+   & $NODE_EXE 
$NPM_CLI_JS $args
+   ~~~~~~~~~~~~~~~~~~~~~
~~~~~~~~
    + CategoryInfo       
       : NotSpecified:   
  ([31mΓ£ù[39m Build   
  failed in 702ms:Str    
ing) [], RemoteExcep    
tion
    + FullyQualifiedErro 
   rId : NativeCommandE  
  rror
 
[31merror during build:
[31m[vite:css] 
[postcss] It looks like 
you're trying to use 
`tailwindcss` directly 
as a PostCSS plugin. The 
PostCSS plugin has moved 
to a separate package, 
so to continue using 
Tailwind CSS with 
PostCSS you'll need to 
install 
`@tailwindcss/postcss` 
and update your PostCSS 
configuration.[31m
file: [36mC:/Users/hp/Do
cuments/BemProjects/Youth
Think/frontend/src/index.
css:undefined:NaN[31m
    at at (C:\Users\hp\Do
cuments\BemProjects\Youth
Think\frontend\node_modul
es\tailwindcss\dist\lib.j
s:38:1629)
    at 
LazyResult.runOnRoot (C:\
Users\hp\Documents\BemPro
jects\YouthThink\frontend
\node_modules\postcss\lib
\lazy-result.js:361:16)
    at 
LazyResult.runAsync (C:\U
sers\hp\Documents\BemProj
ects\YouthThink\frontend\
node_modules\postcss\lib\
lazy-result.js:290:26)
    at LazyResult.async (
C:\Users\hp\Documents\Bem
Projects\YouthThink\front
end\node_modules\postcss\
lib\lazy-result.js:192:30
)
    at LazyResult.then (C
:\Users\hp\Documents\BemP
rojects\YouthThink\fronte
nd\node_modules\postcss\l
ib\lazy-result.js:436:17)
[39m
